
=== 13:46:58  environment ===
5.15.0-1106-kvm
1
model name	: Intel(R) Xeon(R) CPU E5-2630 v3 @ 2.40GHz
network: online
perf version 5.15.209
Python 3.10.12
PMI/NMI before:
NMI:          0   Non-maskable interrupts
PMI:          0   Performance monitoring interrupts
PMI/NMI after a cycles record:
NMI:          0   Non-maskable interrupts
PMI:          0   Performance monitoring interrupts
samples in that cycles record: 0
0
dmesg PMU line: [    0.348316] Performance Events: Haswell events, full-width counters, Intel PMU driver.
--- sampling events available in this guest:
./script_pyflate.sh: line 94: [: 0
0: integer expression expected
    cycles: no samples
./script_pyflate.sh: line 94: [: 0
0: integer expression expected
    cpu-clock: no samples
./script_pyflate.sh: line 94: [: 0
0: integer expression expected
    task-clock: no samples
sampling event '-e cpu-clock -F 499 --call-graph dwarf,32768' collected nothing, trying the next
sampling event '-e cpu-clock -F 997 --call-graph dwarf,16384' collected nothing, trying the next
sampling event '-e cpu-clock -F 997 --call-graph fp' collected nothing, trying the next
sampling event '-e cpu-clock -F 997' collected nothing, trying the next
sampling event '-F 999 -g' collected nothing, trying the next
no sampling event works in this environment; flame graphs will be from py-spy only

=== 13:47:39  baseline through the pyperformance framework itself ===
### pyflate ###
Mean +- std dev: 1.12 sec +- 0.01 sec


=== 13:48:22  baseline, same runner on the vendored copy (what we diff against) ===
...........
pyflate: Mean +- std dev: 1.13 sec +- 0.01 sec

=== 13:49:13  perf record -F 999 -g on the baseline (guide's form, python3-dbg) ===
perf record (base_dbg): skipped, no working event

=== 13:49:13  perf record on the benchmark worker directly (cleaner attribution) ===
perf record (base): skipped, no working event
perf samples (base): ?
flame graph: no stacks for results/pyflate/flame_pyflate_base_perf.svg

=== 13:49:13  py-spy (Python-level frames) on the baseline ===
py-spy failed on the baseline (see trace.log)
flame graph: results/pyflate/flame_pyflate_base_pyspy.svg (124 stacks)

=== 13:49:32  optimized version, same pyperf runner ===
...........
pyflate: Mean +- std dev: 475 ms +- 4 ms

=== 13:49:55  profile the optimized version the same way ===
perf record (opt): skipped, no working event
perf samples (opt): ?
flame graph: no stacks for results/pyflate/flame_pyflate_opt_perf.svg
flame graph: results/pyflate/flame_pyflate_opt_pyspy.svg (111 stacks)

=== 13:50:03  before/after (pyperf compare_to) ===
+-----------+--------------+----------------------+
| Benchmark | pyflate_base | pyflate_opt          |
+===========+==============+======================+
| pyflate   | 1.13 sec     | 475 ms: 2.37x faster |
+-----------+--------------+----------------------+

=== 13:50:03  hardware counters, baseline vs optimized (perf stat -r 3) ===
  base:            4640.35 msec task-clock                #    0.999 CPUs utilized            ( +-  0.50% )
  base:        11036327568      cycles                    #    2.384 GHz                      ( +-  0.50% )
  base:        28923205519      instructions              #    2.63  insn per cycle           ( +-  0.27% )
  base:         5774725279      branches                  #    1.247 G/sec                    ( +-  0.39% )
  base:           18983009      branch-misses             #    0.33% of all branches          ( +-  0.55% )
  opt:            2048.25 msec task-clock                #    0.996 CPUs utilized            ( +-  0.06% )
  opt:         4868494598      cycles                    #    2.374 GHz                      ( +-  0.06% )
  opt:        12681108913      instructions              #    2.60  insn per cycle           ( +-  0.04% )
  opt:         2408877935      branches                  #    1.175 G/sec                    ( +-  0.06% )
  opt:           10305612      branch-misses             #    0.43% of all branches          ( +-  0.63% )

=== 13:50:23  done -> results/pyflate ===
